{
  "Defs": [
    {
      "Path": "Microsoft.AspNet.Proxy.Samples|Microsoft.AspNet.Proxy.Startup",
      "Name": "Startup",
      "Kind": "class",
      "File": "samples/Microsoft.AspNet.Proxy.Samples/Startup.cs",
      "DefStart": 256,
      "DefEnd": 263,
      "Exported": true,
      "Data": {
        "FmtStrings": {
          "Name": {
            "Unqualified": "Startup",
            "ScopeQualified": "Startup",
            "DepQualified": "Microsoft.AspNet.Proxy.Startup",
            "RepositoryWideQualified": "Microsoft.AspNet.Proxy.Startup",
            "LanguageWideQualified": "Microsoft.AspNet.Proxy.Startup"
          },
          "Type": {
            "Unqualified": "class",
            "ScopeQualified": "class",
            "DepQualified": "class",
            "RepositoryWideQualified": "class",
            "LanguageWideQualified": "class"
          },
          "NameAndTypeSeparator": " ",
          "Language": "C#",
          "DefKeyword": "",
          "Kind": "class"
        }
      },
      "TreePath": "Microsoft.AspNet.Proxy.Samples/Microsoft/AspNet/Proxy/Startup"
    },
    {
      "Path": "Microsoft.AspNet.Proxy.Samples|Microsoft.AspNet.Proxy.Startup+Configure(Microsoft.AspNet.Http.Abstractions|Microsoft.AspNet.Builder.IApplicationBuilder)!app",
      "Name": "app",
      "Kind": "param",
      "File": "samples/Microsoft.AspNet.Proxy.Samples/Startup.cs",
      "DefStart": 320,
      "DefEnd": 323,
      "Local": true,
      "Data": {
        "FmtStrings": {
          "Name": {
            "Unqualified": "IApplicationBuilder app",
            "ScopeQualified": "IApplicationBuilder app",
            "DepQualified": "Microsoft.AspNet.Builder.IApplicationBuilder app",
            "RepositoryWideQualified": "Microsoft.AspNet.Builder.IApplicationBuilder app",
            "LanguageWideQualified": "Microsoft.AspNet.Builder.IApplicationBuilder app"
          },
          "Type": {
            "Unqualified": "param",
            "ScopeQualified": "param",
            "DepQualified": "param",
            "RepositoryWideQualified": "param",
            "LanguageWideQualified": "param"
          },
          "NameAndTypeSeparator": " ",
          "Language": "C#",
          "DefKeyword": "",
          "Kind": "param"
        }
      },
      "TreePath": "Microsoft.AspNet.Proxy.Samples/Microsoft/AspNet/Proxy/Startup/Configure(Microsoft.AspNet.Http.Abstractions|Microsoft.AspNet.Builder.IApplicationBuilder)/app"
    },
    {
      "Path": "Microsoft.AspNet.Proxy.Samples|Microsoft.AspNet.Proxy.Startup+Configure(Microsoft.AspNet.Http.Abstractions|Microsoft.AspNet.Builder.IApplicationBuilder)!host$0",
      "Name": "host",
      "Kind": "local",
      "File": "samples/Microsoft.AspNet.Proxy.Samples/Startup.cs",
      "DefStart": 403,
      "DefEnd": 407,
      "Local": true,
      "Data": {
        "FmtStrings": {
          "Name": {
            "Unqualified": "string host",
            "ScopeQualified": "string host",
            "DepQualified": "string host",
            "RepositoryWideQualified": "string host",
            "LanguageWideQualified": "string host"
          },
          "Type": {
            "Unqualified": "local",
            "ScopeQualified": "local",
            "DepQualified": "local",
            "RepositoryWideQualified": "local",
            "LanguageWideQualified": "local"
          },
          "NameAndTypeSeparator": " ",
          "Language": "C#",
          "DefKeyword": "",
          "Kind": "local"
        }
      },
      "TreePath": "Microsoft.AspNet.Proxy.Samples/Microsoft/AspNet/Proxy/Startup/Configure(Microsoft.AspNet.Http.Abstractions|Microsoft.AspNet.Builder.IApplicationBuilder)/host$0"
    },
    {
      "Path": "Microsoft.AspNet.Proxy.Samples|Microsoft.AspNet.Proxy.Startup+Configure(Microsoft.AspNet.Http.Abstractions|Microsoft.AspNet.Builder.IApplicationBuilder)!options$0",
      "Name": "options",
      "Kind": "local",
      "File": "samples/Microsoft.AspNet.Proxy.Samples/Startup.cs",
      "DefStart": 480,
      "DefEnd": 487,
      "Local": true,
      "Data": {
        "FmtStrings": {
          "Name": {
            "Unqualified": "ProxyOptions options",
            "ScopeQualified": "ProxyOptions options",
            "DepQualified": "ProxyOptions options",
            "RepositoryWideQualified": "ProxyOptions options",
            "LanguageWideQualified": "ProxyOptions options"
          },
          "Type": {
            "Unqualified": "local",
            "ScopeQualified": "local",
            "DepQualified": "local",
            "RepositoryWideQualified": "local",
            "LanguageWideQualified": "local"
          },
          "NameAndTypeSeparator": " ",
          "Language": "C#",
          "DefKeyword": "",
          "Kind": "local"
        }
      },
      "TreePath": "Microsoft.AspNet.Proxy.Samples/Microsoft/AspNet/Proxy/Startup/Configure(Microsoft.AspNet.Http.Abstractions|Microsoft.AspNet.Builder.IApplicationBuilder)/options$0"
    },
    {
      "Path": "Microsoft.AspNet.Proxy.Samples|Microsoft.AspNet.Proxy.Startup+Configure(Microsoft.AspNet.Http.Abstractions|Microsoft.AspNet.Builder.IApplicationBuilder)!port$0",
      "Name": "port",
      "Kind": "local",
      "File": "samples/Microsoft.AspNet.Proxy.Samples/Startup.cs",
      "DefStart": 450,
      "DefEnd": 454,
      "Local": true,
      "Data": {
        "FmtStrings": {
          "Name": {
            "Unqualified": "string port",
            "ScopeQualified": "string port",
            "DepQualified": "string port",
            "RepositoryWideQualified": "string port",
            "LanguageWideQualified": "string port"
          },
          "Type": {
            "Unqualified": "local",
            "ScopeQualified": "local",
            "DepQualified": "local",
            "RepositoryWideQualified": "local",
            "LanguageWideQualified": "local"
          },
          "NameAndTypeSeparator": " ",
          "Language": "C#",
          "DefKeyword": "",
          "Kind": "local"
        }
      },
      "TreePath": "Microsoft.AspNet.Proxy.Samples/Microsoft/AspNet/Proxy/Startup/Configure(Microsoft.AspNet.Http.Abstractions|Microsoft.AspNet.Builder.IApplicationBuilder)/port$0"
    },
    {
      "Path": "Microsoft.AspNet.Proxy.Samples|Microsoft.AspNet.Proxy.Startup+Configure(Microsoft.AspNet.Http.Abstractions|Microsoft.AspNet.Builder.IApplicationBuilder)!scheme$0",
      "Name": "scheme",
      "Kind": "local",
      "File": "samples/Microsoft.AspNet.Proxy.Samples/Startup.cs",
      "DefStart": 360,
      "DefEnd": 366,
      "Local": true,
      "Data": {
        "FmtStrings": {
          "Name": {
            "Unqualified": "string scheme",
            "ScopeQualified": "string scheme",
            "DepQualified": "string scheme",
            "RepositoryWideQualified": "string scheme",
            "LanguageWideQualified": "string scheme"
          },
          "Type": {
            "Unqualified": "local",
            "ScopeQualified": "local",
            "DepQualified": "local",
            "RepositoryWideQualified": "local",
            "LanguageWideQualified": "local"
          },
          "NameAndTypeSeparator": " ",
          "Language": "C#",
          "DefKeyword": "",
          "Kind": "local"
        }
      },
      "TreePath": "Microsoft.AspNet.Proxy.Samples/Microsoft/AspNet/Proxy/Startup/Configure(Microsoft.AspNet.Http.Abstractions|Microsoft.AspNet.Builder.IApplicationBuilder)/scheme$0"
    },
    {
      "Path": "Microsoft.AspNet.Proxy.Samples|Microsoft.AspNet.Proxy.Startup+Configure(Microsoft.AspNet.Http.Abstractions|Microsoft.AspNet.Builder.IApplicationBuilder)",
      "Name": "Configure",
      "Kind": "method",
      "File": "samples/Microsoft.AspNet.Proxy.Samples/Startup.cs",
      "DefStart": 290,
      "DefEnd": 299,
      "Exported": true,
      "Data": {
        "FmtStrings": {
          "Name": {
            "Unqualified": "void Configure(IApplicationBuilder app)",
            "ScopeQualified": "void Startup.Configure(IApplicationBuilder app)",
            "DepQualified": "void Microsoft.AspNet.Proxy.Startup.Configure(Microsoft.AspNet.Builder.IApplicationBuilder app)",
            "RepositoryWideQualified": "void Microsoft.AspNet.Proxy.Startup.Configure(Microsoft.AspNet.Builder.IApplicationBuilder app)",
            "LanguageWideQualified": "void Microsoft.AspNet.Proxy.Startup.Configure(Microsoft.AspNet.Builder.IApplicationBuilder app)"
          },
          "Type": {
            "Unqualified": "method",
            "ScopeQualified": "method",
            "DepQualified": "method",
            "RepositoryWideQualified": "method",
            "LanguageWideQualified": "method"
          },
          "NameAndTypeSeparator": " ",
          "Language": "C#",
          "DefKeyword": "",
          "Kind": "method"
        }
      },
      "TreePath": "Microsoft.AspNet.Proxy.Samples/Microsoft/AspNet/Proxy/Startup/Configure(Microsoft.AspNet.Http.Abstractions|Microsoft.AspNet.Builder.IApplicationBuilder)"
    }
  ],
  "Refs": [
    {
      "DefPath": "Microsoft.AspNet.Builder",
      "File": "samples/Microsoft.AspNet.Proxy.Samples/Startup.cs",
      "Start": 194,
      "End": 201
    },
    {
      "DefPath": "Microsoft.AspNet.Http.Abstractions|Microsoft.AspNet.Builder.IApplicationBuilder",
      "File": "samples/Microsoft.AspNet.Proxy.Samples/Startup.cs",
      "Start": 300,
      "End": 319
    },
    {
      "DefPath": "Microsoft.AspNet.Proxy.Samples|Microsoft.AspNet.Proxy.Startup+Configure(Microsoft.AspNet.Http.Abstractions|Microsoft.AspNet.Builder.IApplicationBuilder)!app",
      "Def": true,
      "File": "samples/Microsoft.AspNet.Proxy.Samples/Startup.cs",
      "Start": 320,
      "End": 323
    },
    {
      "DefPath": "Microsoft.AspNet.Proxy.Samples|Microsoft.AspNet.Proxy.Startup+Configure(Microsoft.AspNet.Http.Abstractions|Microsoft.AspNet.Builder.IApplicationBuilder)!app",
      "File": "samples/Microsoft.AspNet.Proxy.Samples/Startup.cs",
      "Start": 640,
      "End": 643
    },
    {
      "DefPath": "Microsoft.AspNet.Proxy.Samples|Microsoft.AspNet.Proxy.Startup+Configure(Microsoft.AspNet.Http.Abstractions|Microsoft.AspNet.Builder.IApplicationBuilder)!host$0",
      "Def": true,
      "File": "samples/Microsoft.AspNet.Proxy.Samples/Startup.cs",
      "Start": 403,
      "End": 407
    },
    {
      "DefPath": "Microsoft.AspNet.Proxy.Samples|Microsoft.AspNet.Proxy.Startup+Configure(Microsoft.AspNet.Http.Abstractions|Microsoft.AspNet.Builder.IApplicationBuilder)!host$0",
      "File": "samples/Microsoft.AspNet.Proxy.Samples/Startup.cs",
      "Start": 579,
      "End": 583
    },
    {
      "DefPath": "Microsoft.AspNet.Proxy.Samples|Microsoft.AspNet.Proxy.Startup+Configure(Microsoft.AspNet.Http.Abstractions|Microsoft.AspNet.Builder.IApplicationBuilder)!options$0",
      "Def": true,
      "File": "samples/Microsoft.AspNet.Proxy.Samples/Startup.cs",
      "Start": 480,
      "End": 487
    },
    {
      "DefPath": "Microsoft.AspNet.Proxy.Samples|Microsoft.AspNet.Proxy.Startup+Configure(Microsoft.AspNet.Http.Abstractions|Microsoft.AspNet.Builder.IApplicationBuilder)!options$0",
      "File": "samples/Microsoft.AspNet.Proxy.Samples/Startup.cs",
      "Start": 653,
      "End": 660
    },
    {
      "DefPath": "Microsoft.AspNet.Proxy.Samples|Microsoft.AspNet.Proxy.Startup+Configure(Microsoft.AspNet.Http.Abstractions|Microsoft.AspNet.Builder.IApplicationBuilder)!port$0",
      "Def": true,
      "File": "samples/Microsoft.AspNet.Proxy.Samples/Startup.cs",
      "Start": 450,
      "End": 454
    },
    {
      "DefPath": "Microsoft.AspNet.Proxy.Samples|Microsoft.AspNet.Proxy.Startup+Configure(Microsoft.AspNet.Http.Abstractions|Microsoft.AspNet.Builder.IApplicationBuilder)!port$0",
      "File": "samples/Microsoft.AspNet.Proxy.Samples/Startup.cs",
      "Start": 608,
      "End": 612
    },
    {
      "DefPath": "Microsoft.AspNet.Proxy.Samples|Microsoft.AspNet.Proxy.Startup+Configure(Microsoft.AspNet.Http.Abstractions|Microsoft.AspNet.Builder.IApplicationBuilder)!scheme$0",
      "Def": true,
      "File": "samples/Microsoft.AspNet.Proxy.Samples/Startup.cs",
      "Start": 360,
      "End": 366
    },
    {
      "DefPath": "Microsoft.AspNet.Proxy.Samples|Microsoft.AspNet.Proxy.Startup+Configure(Microsoft.AspNet.Http.Abstractions|Microsoft.AspNet.Builder.IApplicationBuilder)!scheme$0",
      "File": "samples/Microsoft.AspNet.Proxy.Samples/Startup.cs",
      "Start": 548,
      "End": 554
    },
    {
      "DefPath": "Microsoft.AspNet.Proxy.Samples|Microsoft.AspNet.Proxy.Startup+Configure(Microsoft.AspNet.Http.Abstractions|Microsoft.AspNet.Builder.IApplicationBuilder)",
      "Def": true,
      "File": "samples/Microsoft.AspNet.Proxy.Samples/Startup.cs",
      "Start": 290,
      "End": 299
    },
    {
      "DefPath": "Microsoft.AspNet.Proxy.Samples|Microsoft.AspNet.Proxy.Startup",
      "Def": true,
      "File": "samples/Microsoft.AspNet.Proxy.Samples/Startup.cs",
      "Start": 256,
      "End": 263
    },
    {
      "DefPath": "Microsoft.AspNet.Proxy.Samples|Microsoft.AspNet.Proxy",
      "File": "samples/Microsoft.AspNet.Proxy.Samples/Startup.cs",
      "Start": 231,
      "End": 236
    },
    {
      "DefPath": "Microsoft.AspNet",
      "File": "samples/Microsoft.AspNet.Proxy.Samples/Startup.cs",
      "Start": 187,
      "End": 193
    },
    {
      "DefPath": "Microsoft.AspNet",
      "File": "samples/Microsoft.AspNet.Proxy.Samples/Startup.cs",
      "Start": 224,
      "End": 230
    },
    {
      "DefPath": "Microsoft",
      "File": "samples/Microsoft.AspNet.Proxy.Samples/Startup.cs",
      "Start": 177,
      "End": 186
    },
    {
      "DefPath": "Microsoft",
      "File": "samples/Microsoft.AspNet.Proxy.Samples/Startup.cs",
      "Start": 214,
      "End": 223
    },
    {
      "DefPath": "System.Reflection",
      "File": "file://applyprojectinfo.cs/",
      "Start": 149,
      "End": 159
    },
    {
      "DefPath": "System.Reflection",
      "File": "file://applyprojectinfo.cs/",
      "Start": 17,
      "End": 27
    },
    {
      "DefPath": "System.Reflection",
      "File": "file://applyprojectinfo.cs/",
      "Start": 86,
      "End": 96
    },
    {
      "DefPath": "System.Runtime|System.Reflection.AssemblyFileVersionAttribute+.ctor(System.Runtime|System.String)",
      "File": "file://applyprojectinfo.cs/",
      "Start": 28,
      "End": 56
    },
    {
      "DefPath": "System.Runtime|System.Reflection.AssemblyInformationalVersionAttribute+.ctor(System.Runtime|System.String)",
      "File": "file://applyprojectinfo.cs/",
      "Start": 160,
      "End": 197
    },
    {
      "DefPath": "System.Runtime|System.Reflection.AssemblyVersionAttribute+.ctor(System.Runtime|System.String)",
      "File": "file://applyprojectinfo.cs/",
      "Start": 97,
      "End": 121
    },
    {
      "DefPath": "System",
      "File": "file://applyprojectinfo.cs/",
      "Start": 10,
      "End": 16
    },
    {
      "DefPath": "System",
      "File": "file://applyprojectinfo.cs/",
      "Start": 142,
      "End": 148
    },
    {
      "DefPath": "System",
      "File": "file://applyprojectinfo.cs/",
      "Start": 79,
      "End": 85
    }
  ]
}