{"Name":"Microsoft.AspNet.Proxy.Samples","Type":"NugetPackage","Files":["samples/Microsoft.AspNet.Proxy.Samples/Startup.cs"],"Dir":"samples/Microsoft.AspNet.Proxy.Samples","Dependencies":[{"Identity":null,"Name":"Microsoft.AspNet.Server.IIS","Range":"Microsoft.AspNet.Server.IIS \u003e= 1.0.0-*"},{"Identity":null,"Name":"Microsoft.AspNet.Server.WebListener","Range":"Microsoft.AspNet.Server.WebListener \u003e= 1.0.0-rc1-final"},{"Identity":null,"Name":"Microsoft.AspNet.Proxy","Range":"Microsoft.AspNet.Proxy \u003e= 1.0.0-rc1-final"}],"Ops":{"depresolve":null}}
