[
  {
    "Raw": {
      "Name": "Microsoft.AspNet.DataProtection.Abstractions",
      "Version": "1.0.0-beta7"
    },
    "ResolvedTarget": {
      "ToRepoCloneURL": "git://github.com/aspnet/dataprotection",
      "ToUnit": "Microsoft.AspNet.DataProtection.Abstractions",
      "ToUnitType": "NugetPackage",
      "ToVersionString": "1.0.0-beta7",
      "ToRevSpec": "86c2d546fa833fefb85e9ffe94b5ee57f1156158"
    }
  },
  {
    "Raw": {
      "Name": "Microsoft.AspNet.FileProviders.Abstractions",
      "Version": "1.0.0-rc1-final"
    },
    "ResolvedTarget": {
      "ToRepoCloneURL": "",
      "ToUnit": "Microsoft.AspNet.FileProviders.Abstractions",
      "ToUnitType": "NugetPackage",
      "ToVersionString": "1.0.0-rc1-final",
      "ToRevSpec": ""
    }
  },
  {
    "Raw": {
      "Name": "Microsoft.AspNet.FileProviders.Physical",
      "Version": "1.0.0-rc1-final"
    },
    "ResolvedTarget": {
      "ToRepoCloneURL": "",
      "ToUnit": "Microsoft.AspNet.FileProviders.Physical",
      "ToUnitType": "NugetPackage",
      "ToVersionString": "1.0.0-rc1-final",
      "ToRevSpec": ""
    }
  },
  {
    "Raw": {
      "Name": "Microsoft.AspNet.Hosting",
      "Version": "1.0.0-rc1-final"
    },
    "ResolvedTarget": {
      "ToRepoCloneURL": "",
      "ToUnit": "Microsoft.AspNet.Hosting",
      "ToUnitType": "NugetPackage",
      "ToVersionString": "1.0.0-rc1-final",
      "ToRevSpec": ""
    }
  },
  {
    "Raw": {
      "Name": "Microsoft.AspNet.Hosting.Abstractions",
      "Version": "1.0.0-rc1-final"
    },
    "ResolvedTarget": {
      "ToRepoCloneURL": "",
      "ToUnit": "Microsoft.AspNet.Hosting.Abstractions",
      "ToUnitType": "NugetPackage",
      "ToVersionString": "1.0.0-rc1-final",
      "ToRevSpec": ""
    }
  },
  {
    "Raw": {
      "Name": "Microsoft.AspNet.Hosting.Server.Abstractions",
      "Version": "1.0.0-rc1-final"
    },
    "ResolvedTarget": {
      "ToRepoCloneURL": "",
      "ToUnit": "Microsoft.AspNet.Hosting.Server.Abstractions",
      "ToUnitType": "NugetPackage",
      "ToVersionString": "1.0.0-rc1-final",
      "ToRevSpec": ""
    }
  },
  {
    "Raw": {
      "Name": "Microsoft.AspNet.Http",
      "Version": "1.0.0-rc1-final"
    },
    "ResolvedTarget": {
      "ToRepoCloneURL": "",
      "ToUnit": "Microsoft.AspNet.Http",
      "ToUnitType": "NugetPackage",
      "ToVersionString": "1.0.0-rc1-final",
      "ToRevSpec": ""
    }
  },
  {
    "Raw": {
      "Name": "Microsoft.AspNet.Http.Abstractions",
      "Version": "1.0.0-rc1-final"
    },
    "ResolvedTarget": {
      "ToRepoCloneURL": "",
      "ToUnit": "Microsoft.AspNet.Http.Abstractions",
      "ToUnitType": "NugetPackage",
      "ToVersionString": "1.0.0-rc1-final",
      "ToRevSpec": ""
    }
  },
  {
    "Raw": {
      "Name": "Microsoft.AspNet.Http.Extensions",
      "Version": "1.0.0-rc1-final"
    },
    "ResolvedTarget": {
      "ToRepoCloneURL": "",
      "ToUnit": "Microsoft.AspNet.Http.Extensions",
      "ToUnitType": "NugetPackage",
      "ToVersionString": "1.0.0-rc1-final",
      "ToRevSpec": ""
    }
  },
  {
    "Raw": {
      "Name": "Microsoft.AspNet.Http.Features",
      "Version": "1.0.0-rc1-final"
    },
    "ResolvedTarget": {
      "ToRepoCloneURL": "",
      "ToUnit": "Microsoft.AspNet.Http.Features",
      "ToUnitType": "NugetPackage",
      "ToVersionString": "1.0.0-rc1-final",
      "ToRevSpec": ""
    }
  },
  {
    "Raw": {
      "Name": "Microsoft.AspNet.Loader.IIS",
      "Version": "1.0.0-beta7"
    },
    "ResolvedTarget": {
      "ToRepoCloneURL": "",
      "ToUnit": "Microsoft.AspNet.Loader.IIS",
      "ToUnitType": "NugetPackage",
      "ToVersionString": "1.0.0-beta7",
      "ToRevSpec": ""
    }
  },
  {
    "Raw": {
      "Name": "Microsoft.AspNet.Loader.IIS.Interop",
      "Version": "1.0.0-beta7"
    },
    "ResolvedTarget": {
      "ToRepoCloneURL": "",
      "ToUnit": "Microsoft.AspNet.Loader.IIS.Interop",
      "ToUnitType": "NugetPackage",
      "ToVersionString": "1.0.0-beta7",
      "ToRevSpec": ""
    }
  },
  {
    "Raw": {
      "Name": "Microsoft.AspNet.Proxy",
      "Version": "1.0.0-rc1-final"
    },
    "ResolvedTarget": {
      "ToRepoCloneURL": "",
      "ToUnit": "Microsoft.AspNet.Proxy",
      "ToUnitType": "NugetPackage",
      "ToVersionString": "1.0.0-rc1-final",
      "ToRevSpec": ""
    }
  },
  {
    "Raw": {
      "Name": "Microsoft.AspNet.Server.IIS",
      "Version": "1.0.0-beta7"
    },
    "ResolvedTarget": {
      "ToRepoCloneURL": "",
      "ToUnit": "Microsoft.AspNet.Server.IIS",
      "ToUnitType": "NugetPackage",
      "ToVersionString": "1.0.0-beta7",
      "ToRevSpec": ""
    }
  },
  {
    "Raw": {
      "Name": "Microsoft.AspNet.Server.WebListener",
      "Version": "1.0.0-rc1-final"
    },
    "ResolvedTarget": {
      "ToRepoCloneURL": "",
      "ToUnit": "Microsoft.AspNet.Server.WebListener",
      "ToUnitType": "NugetPackage",
      "ToVersionString": "1.0.0-rc1-final",
      "ToRevSpec": ""
    }
  },
  {
    "Raw": {
      "Name": "Microsoft.AspNet.WebUtilities",
      "Version": "1.0.0-rc1-final"
    },
    "ResolvedTarget": {
      "ToRepoCloneURL": "",
      "ToUnit": "Microsoft.AspNet.WebUtilities",
      "ToUnitType": "NugetPackage",
      "ToVersionString": "1.0.0-rc1-final",
      "ToRevSpec": ""
    }
  },
  {
    "Raw": {
      "Name": "Microsoft.Dnx.Compilation.Abstractions",
      "Version": "1.0.0-rc1-final"
    },
    "ResolvedTarget": {
      "ToRepoCloneURL": "",
      "ToUnit": "Microsoft.Dnx.Compilation.Abstractions",
      "ToUnitType": "NugetPackage",
      "ToVersionString": "1.0.0-rc1-final",
      "ToRevSpec": ""
    }
  },
  {
    "Raw": {
      "Name": "Microsoft.Dnx.Runtime.Abstractions",
      "Version": "1.0.0-beta7"
    },
    "ResolvedTarget": {
      "ToRepoCloneURL": "",
      "ToUnit": "Microsoft.Dnx.Runtime.Abstractions",
      "ToUnitType": "NugetPackage",
      "ToVersionString": "1.0.0-beta7",
      "ToRevSpec": ""
    }
  },
  {
    "Raw": {
      "Name": "Microsoft.Extensions.Configuration",
      "Version": "1.0.0-rc1-final"
    },
    "ResolvedTarget": {
      "ToRepoCloneURL": "",
      "ToUnit": "Microsoft.Extensions.Configuration",
      "ToUnitType": "NugetPackage",
      "ToVersionString": "1.0.0-rc1-final",
      "ToRevSpec": ""
    }
  },
  {
    "Raw": {
      "Name": "Microsoft.Extensions.Configuration.Abstractions",
      "Version": "1.0.0-rc1-final"
    },
    "ResolvedTarget": {
      "ToRepoCloneURL": "",
      "ToUnit": "Microsoft.Extensions.Configuration.Abstractions",
      "ToUnitType": "NugetPackage",
      "ToVersionString": "1.0.0-rc1-final",
      "ToRevSpec": ""
    }
  },
  {
    "Raw": {
      "Name": "Microsoft.Extensions.Configuration.CommandLine",
      "Version": "1.0.0-rc1-final"
    },
    "ResolvedTarget": {
      "ToRepoCloneURL": "",
      "ToUnit": "Microsoft.Extensions.Configuration.CommandLine",
      "ToUnitType": "NugetPackage",
      "ToVersionString": "1.0.0-rc1-final",
      "ToRevSpec": ""
    }
  },
  {
    "Raw": {
      "Name": "Microsoft.Extensions.Configuration.EnvironmentVariables",
      "Version": "1.0.0-rc1-final"
    },
    "ResolvedTarget": {
      "ToRepoCloneURL": "",
      "ToUnit": "Microsoft.Extensions.Configuration.EnvironmentVariables",
      "ToUnitType": "NugetPackage",
      "ToVersionString": "1.0.0-rc1-final",
      "ToRevSpec": ""
    }
  },
  {
    "Raw": {
      "Name": "Microsoft.Extensions.Configuration.FileExtensions",
      "Version": "1.0.0-rc1-final"
    },
    "ResolvedTarget": {
      "ToRepoCloneURL": "",
      "ToUnit": "Microsoft.Extensions.Configuration.FileExtensions",
      "ToUnitType": "NugetPackage",
      "ToVersionString": "1.0.0-rc1-final",
      "ToRevSpec": ""
    }
  },
  {
    "Raw": {
      "Name": "Microsoft.Extensions.Configuration.Json",
      "Version": "1.0.0-rc1-final"
    },
    "ResolvedTarget": {
      "ToRepoCloneURL": "",
      "ToUnit": "Microsoft.Extensions.Configuration.Json",
      "ToUnitType": "NugetPackage",
      "ToVersionString": "1.0.0-rc1-final",
      "ToRevSpec": ""
    }
  },
  {
    "Raw": {
      "Name": "Microsoft.Extensions.DependencyInjection",
      "Version": "1.0.0-rc1-final"
    },
    "ResolvedTarget": {
      "ToRepoCloneURL": "",
      "ToUnit": "Microsoft.Extensions.DependencyInjection",
      "ToUnitType": "NugetPackage",
      "ToVersionString": "1.0.0-rc1-final",
      "ToRevSpec": ""
    }
  },
  {
    "Raw": {
      "Name": "Microsoft.Extensions.DependencyInjection.Abstractions",
      "Version": "1.0.0-rc1-final"
    },
    "ResolvedTarget": {
      "ToRepoCloneURL": "",
      "ToUnit": "Microsoft.Extensions.DependencyInjection.Abstractions",
      "ToUnitType": "NugetPackage",
      "ToVersionString": "1.0.0-rc1-final",
      "ToRevSpec": ""
    }
  },
  {
    "Raw": {
      "Name": "Microsoft.Extensions.Logging",
      "Version": "1.0.0-rc1-final"
    },
    "ResolvedTarget": {
      "ToRepoCloneURL": "",
      "ToUnit": "Microsoft.Extensions.Logging",
      "ToUnitType": "NugetPackage",
      "ToVersionString": "1.0.0-rc1-final",
      "ToRevSpec": ""
    }
  },
  {
    "Raw": {
      "Name": "Microsoft.Extensions.Logging.Abstractions",
      "Version": "1.0.0-rc1-final"
    },
    "ResolvedTarget": {
      "ToRepoCloneURL": "",
      "ToUnit": "Microsoft.Extensions.Logging.Abstractions",
      "ToUnitType": "NugetPackage",
      "ToVersionString": "1.0.0-rc1-final",
      "ToRevSpec": ""
    }
  },
  {
    "Raw": {
      "Name": "Microsoft.Extensions.PlatformAbstractions",
      "Version": "1.0.0-rc1-final"
    },
    "ResolvedTarget": {
      "ToRepoCloneURL": "",
      "ToUnit": "Microsoft.Extensions.PlatformAbstractions",
      "ToUnitType": "NugetPackage",
      "ToVersionString": "1.0.0-rc1-final",
      "ToRevSpec": ""
    }
  },
  {
    "Raw": {
      "Name": "Microsoft.Extensions.Primitives",
      "Version": "1.0.0-rc1-final"
    },
    "ResolvedTarget": {
      "ToRepoCloneURL": "",
      "ToUnit": "Microsoft.Extensions.Primitives",
      "ToUnitType": "NugetPackage",
      "ToVersionString": "1.0.0-rc1-final",
      "ToRevSpec": ""
    }
  },
  {
    "Raw": {
      "Name": "Microsoft.Extensions.WebEncoders.Core",
      "Version": "1.0.0-rc1-final"
    },
    "ResolvedTarget": {
      "ToRepoCloneURL": "",
      "ToUnit": "Microsoft.Extensions.WebEncoders.Core",
      "ToUnitType": "NugetPackage",
      "ToVersionString": "1.0.0-rc1-final",
      "ToRevSpec": ""
    }
  },
  {
    "Raw": {
      "Name": "Microsoft.Framework.Configuration",
      "Version": "1.0.0-beta7"
    },
    "ResolvedTarget": {
      "ToRepoCloneURL": "https://github.com/aspnet/configuration",
      "ToUnit": "Microsoft.Framework.Configuration",
      "ToUnitType": "NugetPackage",
      "ToVersionString": "1.0.0-beta7",
      "ToRevSpec": "427b3c4d6bfe41b21507c5fb33898fe5d7d1c85b"
    }
  },
  {
    "Raw": {
      "Name": "Microsoft.Framework.Configuration.Abstractions",
      "Version": "1.0.0-beta7"
    },
    "ResolvedTarget": {
      "ToRepoCloneURL": "https://github.com/aspnet/configuration",
      "ToUnit": "Microsoft.Framework.Configuration.Abstractions",
      "ToUnitType": "NugetPackage",
      "ToVersionString": "1.0.0-beta7",
      "ToRevSpec": "427b3c4d6bfe41b21507c5fb33898fe5d7d1c85b"
    }
  },
  {
    "Raw": {
      "Name": "Microsoft.Framework.Configuration.EnvironmentVariables",
      "Version": "1.0.0-beta7"
    },
    "ResolvedTarget": {
      "ToRepoCloneURL": "https://github.com/aspnet/configuration",
      "ToUnit": "Microsoft.Framework.Configuration.EnvironmentVariables",
      "ToUnitType": "NugetPackage",
      "ToVersionString": "1.0.0-beta7",
      "ToRevSpec": "427b3c4d6bfe41b21507c5fb33898fe5d7d1c85b"
    }
  },
  {
    "Raw": {
      "Name": "Microsoft.Framework.Configuration.Ini",
      "Version": "1.0.0-beta7"
    },
    "ResolvedTarget": {
      "ToRepoCloneURL": "https://github.com/aspnet/configuration",
      "ToUnit": "Microsoft.Framework.Configuration.Ini",
      "ToUnitType": "NugetPackage",
      "ToVersionString": "1.0.0-beta7",
      "ToRevSpec": "427b3c4d6bfe41b21507c5fb33898fe5d7d1c85b"
    }
  },
  {
    "Raw": {
      "Name": "Microsoft.Framework.WebEncoders.Core",
      "Version": "1.0.0-beta7"
    },
    "ResolvedTarget": {
      "ToRepoCloneURL": "git://github.com/aspnet/httpabstractions",
      "ToUnit": "Microsoft.Framework.WebEncoders.Core",
      "ToUnitType": "NugetPackage",
      "ToVersionString": "1.0.0-beta7",
      "ToRevSpec": ""
    }
  },
  {
    "Raw": {
      "Name": "Microsoft.Net.Http.Headers",
      "Version": "1.0.0-rc1-final"
    },
    "ResolvedTarget": {
      "ToRepoCloneURL": "",
      "ToUnit": "Microsoft.Net.Http.Headers",
      "ToUnitType": "NugetPackage",
      "ToVersionString": "1.0.0-rc1-final",
      "ToRevSpec": ""
    }
  },
  {
    "Raw": {
      "Name": "Microsoft.Net.Http.Server",
      "Version": "1.0.0-rc1-final"
    },
    "ResolvedTarget": {
      "ToRepoCloneURL": "",
      "ToUnit": "Microsoft.Net.Http.Server",
      "ToUnitType": "NugetPackage",
      "ToVersionString": "1.0.0-rc1-final",
      "ToRevSpec": ""
    }
  },
  {
    "Raw": {
      "Name": "Microsoft.Net.WebSockets",
      "Version": "1.0.0-rc1-final"
    },
    "ResolvedTarget": {
      "ToRepoCloneURL": "",
      "ToUnit": "Microsoft.Net.WebSockets",
      "ToUnitType": "NugetPackage",
      "ToVersionString": "1.0.0-rc1-final",
      "ToRevSpec": ""
    }
  },
  {
    "Raw": {
      "Name": "Microsoft.Win32.Primitives",
      "Version": "4.0.1-beta-23516"
    },
    "ResolvedTarget": {
      "ToRepoCloneURL": "",
      "ToUnit": "Microsoft.Win32.Primitives",
      "ToUnitType": "NugetPackage",
      "ToVersionString": "4.0.1-beta-23516",
      "ToRevSpec": ""
    }
  },
  {
    "Raw": {
      "Name": "Microsoft.Win32.Registry",
      "Version": "4.0.0-beta-23225"
    },
    "ResolvedTarget": {
      "ToRepoCloneURL": "",
      "ToUnit": "Microsoft.Win32.Registry",
      "ToUnitType": "NugetPackage",
      "ToVersionString": "4.0.0-beta-23225",
      "ToRevSpec": ""
    }
  },
  {
    "Raw": {
      "Name": "Newtonsoft.Json",
      "Version": "6.0.6"
    },
    "ResolvedTarget": {
      "ToRepoCloneURL": "",
      "ToUnit": "Newtonsoft.Json",
      "ToUnitType": "NugetPackage",
      "ToVersionString": "6.0.6",
      "ToRevSpec": ""
    }
  },
  {
    "Raw": {
      "Name": "System.AppContext",
      "Version": "4.0.0"
    },
    "ResolvedTarget": {
      "ToRepoCloneURL": "",
      "ToUnit": "System.AppContext",
      "ToUnitType": "NugetPackage",
      "ToVersionString": "4.0.0",
      "ToRevSpec": ""
    }
  },
  {
    "Raw": {
      "Name": "System.Collections",
      "Version": "4.0.11-beta-23516"
    },
    "ResolvedTarget": {
      "ToRepoCloneURL": "",
      "ToUnit": "System.Collections",
      "ToUnitType": "NugetPackage",
      "ToVersionString": "4.0.11-beta-23516",
      "ToRevSpec": ""
    }
  },
  {
    "Raw": {
      "Name": "System.Collections.Concurrent",
      "Version": "4.0.11-beta-23516"
    },
    "ResolvedTarget": {
      "ToRepoCloneURL": "",
      "ToUnit": "System.Collections.Concurrent",
      "ToUnitType": "NugetPackage",
      "ToVersionString": "4.0.11-beta-23516",
      "ToRevSpec": ""
    }
  },
  {
    "Raw": {
      "Name": "System.Collections.NonGeneric",
      "Version": "4.0.0"
    },
    "ResolvedTarget": {
      "ToRepoCloneURL": "",
      "ToUnit": "System.Collections.NonGeneric",
      "ToUnitType": "NugetPackage",
      "ToVersionString": "4.0.0",
      "ToRevSpec": ""
    }
  },
  {
    "Raw": {
      "Name": "System.ComponentModel",
      "Version": "4.0.1-beta-23516"
    },
    "ResolvedTarget": {
      "ToRepoCloneURL": "",
      "ToUnit": "System.ComponentModel",
      "ToUnitType": "NugetPackage",
      "ToVersionString": "4.0.1-beta-23516",
      "ToRevSpec": ""
    }
  },
  {
    "Raw": {
      "Name": "System.ComponentModel.EventBasedAsync",
      "Version": "4.0.10"
    },
    "ResolvedTarget": {
      "ToRepoCloneURL": "",
      "ToUnit": "System.ComponentModel.EventBasedAsync",
      "ToUnitType": "NugetPackage",
      "ToVersionString": "4.0.10",
      "ToRevSpec": ""
    }
  },
  {
    "Raw": {
      "Name": "System.Console",
      "Version": "4.0.0-beta-23516"
    },
    "ResolvedTarget": {
      "ToRepoCloneURL": "",
      "ToUnit": "System.Console",
      "ToUnitType": "NugetPackage",
      "ToVersionString": "4.0.0-beta-23516",
      "ToRevSpec": ""
    }
  },
  {
    "Raw": {
      "Name": "System.Diagnostics.Contracts",
      "Version": "4.0.1-beta-23516"
    },
    "ResolvedTarget": {
      "ToRepoCloneURL": "",
      "ToUnit": "System.Diagnostics.Contracts",
      "ToUnitType": "NugetPackage",
      "ToVersionString": "4.0.1-beta-23516",
      "ToRevSpec": ""
    }
  },
  {
    "Raw": {
      "Name": "System.Diagnostics.Debug",
      "Version": "4.0.11-beta-23516"
    },
    "ResolvedTarget": {
      "ToRepoCloneURL": "",
      "ToUnit": "System.Diagnostics.Debug",
      "ToUnitType": "NugetPackage",
      "ToVersionString": "4.0.11-beta-23516",
      "ToRevSpec": ""
    }
  },
  {
    "Raw": {
      "Name": "System.Diagnostics.DiagnosticSource",
      "Version": "4.0.0-beta-23516"
    },
    "ResolvedTarget": {
      "ToRepoCloneURL": "",
      "ToUnit": "System.Diagnostics.DiagnosticSource",
      "ToUnitType": "NugetPackage",
      "ToVersionString": "4.0.0-beta-23516",
      "ToRevSpec": ""
    }
  },
  {
    "Raw": {
      "Name": "System.Diagnostics.Process",
      "Version": "4.0.0-beta-23225"
    },
    "ResolvedTarget": {
      "ToRepoCloneURL": "",
      "ToUnit": "System.Diagnostics.Process",
      "ToUnitType": "NugetPackage",
      "ToVersionString": "4.0.0-beta-23225",
      "ToRevSpec": ""
    }
  },
  {
    "Raw": {
      "Name": "System.Diagnostics.StackTrace",
      "Version": "4.0.1-beta-23516"
    },
    "ResolvedTarget": {
      "ToRepoCloneURL": "",
      "ToUnit": "System.Diagnostics.StackTrace",
      "ToUnitType": "NugetPackage",
      "ToVersionString": "4.0.1-beta-23516",
      "ToRevSpec": ""
    }
  },
  {
    "Raw": {
      "Name": "System.Diagnostics.Tools",
      "Version": "4.0.1-beta-23516"
    },
    "ResolvedTarget": {
      "ToRepoCloneURL": "",
      "ToUnit": "System.Diagnostics.Tools",
      "ToUnitType": "NugetPackage",
      "ToVersionString": "4.0.1-beta-23516",
      "ToRevSpec": ""
    }
  },
  {
    "Raw": {
      "Name": "System.Diagnostics.Tracing",
      "Version": "4.0.0"
    },
    "ResolvedTarget": {
      "ToRepoCloneURL": "",
      "ToUnit": "System.Diagnostics.Tracing",
      "ToUnitType": "NugetPackage",
      "ToVersionString": "4.0.0",
      "ToRevSpec": ""
    }
  },
  {
    "Raw": {
      "Name": "System.Diagnostics.Tracing",
      "Version": "4.0.20"
    },
    "ResolvedTarget": {
      "ToRepoCloneURL": "",
      "ToUnit": "System.Diagnostics.Tracing",
      "ToUnitType": "NugetPackage",
      "ToVersionString": "4.0.20",
      "ToRevSpec": ""
    }
  },
  {
    "Raw": {
      "Name": "System.Dynamic.Runtime",
      "Version": "4.0.11-beta-23516"
    },
    "ResolvedTarget": {
      "ToRepoCloneURL": "",
      "ToUnit": "System.Dynamic.Runtime",
      "ToUnitType": "NugetPackage",
      "ToVersionString": "4.0.11-beta-23516",
      "ToRevSpec": ""
    }
  },
  {
    "Raw": {
      "Name": "System.Globalization",
      "Version": "4.0.11-beta-23516"
    },
    "ResolvedTarget": {
      "ToRepoCloneURL": "",
      "ToUnit": "System.Globalization",
      "ToUnitType": "NugetPackage",
      "ToVersionString": "4.0.11-beta-23516",
      "ToRevSpec": ""
    }
  },
  {
    "Raw": {
      "Name": "System.Globalization.Extensions",
      "Version": "4.0.1-beta-23516"
    },
    "ResolvedTarget": {
      "ToRepoCloneURL": "",
      "ToUnit": "System.Globalization.Extensions",
      "ToUnitType": "NugetPackage",
      "ToVersionString": "4.0.1-beta-23516",
      "ToRevSpec": ""
    }
  },
  {
    "Raw": {
      "Name": "System.IO",
      "Version": "4.0.11-beta-23516"
    },
    "ResolvedTarget": {
      "ToRepoCloneURL": "",
      "ToUnit": "System.IO",
      "ToUnitType": "NugetPackage",
      "ToVersionString": "4.0.11-beta-23516",
      "ToRevSpec": ""
    }
  },
  {
    "Raw": {
      "Name": "System.IO.FileSystem",
      "Version": "4.0.1-beta-23516"
    },
    "ResolvedTarget": {
      "ToRepoCloneURL": "",
      "ToUnit": "System.IO.FileSystem",
      "ToUnitType": "NugetPackage",
      "ToVersionString": "4.0.1-beta-23516",
      "ToRevSpec": ""
    }
  },
  {
    "Raw": {
      "Name": "System.IO.FileSystem.Primitives",
      "Version": "4.0.1-beta-23516"
    },
    "ResolvedTarget": {
      "ToRepoCloneURL": "",
      "ToUnit": "System.IO.FileSystem.Primitives",
      "ToUnitType": "NugetPackage",
      "ToVersionString": "4.0.1-beta-23516",
      "ToRevSpec": ""
    }
  },
  {
    "Raw": {
      "Name": "System.IO.FileSystem.Watcher",
      "Version": "4.0.0-beta-23516"
    },
    "ResolvedTarget": {
      "ToRepoCloneURL": "",
      "ToUnit": "System.IO.FileSystem.Watcher",
      "ToUnitType": "NugetPackage",
      "ToVersionString": "4.0.0-beta-23516",
      "ToRevSpec": ""
    }
  },
  {
    "Raw": {
      "Name": "System.Linq",
      "Version": "4.0.1-beta-23516"
    },
    "ResolvedTarget": {
      "ToRepoCloneURL": "",
      "ToUnit": "System.Linq",
      "ToUnitType": "NugetPackage",
      "ToVersionString": "4.0.1-beta-23516",
      "ToRevSpec": ""
    }
  },
  {
    "Raw": {
      "Name": "System.Linq.Expressions",
      "Version": "4.0.11-beta-23516"
    },
    "ResolvedTarget": {
      "ToRepoCloneURL": "",
      "ToUnit": "System.Linq.Expressions",
      "ToUnitType": "NugetPackage",
      "ToVersionString": "4.0.11-beta-23516",
      "ToRevSpec": ""
    }
  },
  {
    "Raw": {
      "Name": "System.Net.Http",
      "Version": "4.0.1-beta-23516"
    },
    "ResolvedTarget": {
      "ToRepoCloneURL": "",
      "ToUnit": "System.Net.Http",
      "ToUnitType": "NugetPackage",
      "ToVersionString": "4.0.1-beta-23516",
      "ToRevSpec": ""
    }
  },
  {
    "Raw": {
      "Name": "System.Net.NetworkInformation",
      "Version": "4.0.10-beta-23123"
    },
    "ResolvedTarget": {
      "ToRepoCloneURL": "",
      "ToUnit": "System.Net.NetworkInformation",
      "ToUnitType": "NugetPackage",
      "ToVersionString": "4.0.10-beta-23123",
      "ToRevSpec": ""
    }
  },
  {
    "Raw": {
      "Name": "System.Net.Primitives",
      "Version": "4.0.11-beta-23516"
    },
    "ResolvedTarget": {
      "ToRepoCloneURL": "",
      "ToUnit": "System.Net.Primitives",
      "ToUnitType": "NugetPackage",
      "ToVersionString": "4.0.11-beta-23516",
      "ToRevSpec": ""
    }
  },
  {
    "Raw": {
      "Name": "System.Net.WebSockets",
      "Version": "4.0.0-beta-23516"
    },
    "ResolvedTarget": {
      "ToRepoCloneURL": "",
      "ToUnit": "System.Net.WebSockets",
      "ToUnitType": "NugetPackage",
      "ToVersionString": "4.0.0-beta-23516",
      "ToRevSpec": ""
    }
  },
  {
    "Raw": {
      "Name": "System.ObjectModel",
      "Version": "4.0.10"
    },
    "ResolvedTarget": {
      "ToRepoCloneURL": "",
      "ToUnit": "System.ObjectModel",
      "ToUnitType": "NugetPackage",
      "ToVersionString": "4.0.10",
      "ToRevSpec": ""
    }
  },
  {
    "Raw": {
      "Name": "System.Private.Networking",
      "Version": "4.0.0"
    },
    "ResolvedTarget": {
      "ToRepoCloneURL": "",
      "ToUnit": "System.Private.Networking",
      "ToUnitType": "NugetPackage",
      "ToVersionString": "4.0.0",
      "ToRevSpec": ""
    }
  },
  {
    "Raw": {
      "Name": "System.Private.Uri",
      "Version": "4.0.1-beta-23516"
    },
    "ResolvedTarget": {
      "ToRepoCloneURL": "",
      "ToUnit": "System.Private.Uri",
      "ToUnitType": "NugetPackage",
      "ToVersionString": "4.0.1-beta-23516",
      "ToRevSpec": ""
    }
  },
  {
    "Raw": {
      "Name": "System.Reflection",
      "Version": "4.1.0-beta-23225"
    },
    "ResolvedTarget": {
      "ToRepoCloneURL": "",
      "ToUnit": "System.Reflection",
      "ToUnitType": "NugetPackage",
      "ToVersionString": "4.1.0-beta-23225",
      "ToRevSpec": ""
    }
  },
  {
    "Raw": {
      "Name": "System.Reflection.Emit",
      "Version": "4.0.0"
    },
    "ResolvedTarget": {
      "ToRepoCloneURL": "",
      "ToUnit": "System.Reflection.Emit",
      "ToUnitType": "NugetPackage",
      "ToVersionString": "4.0.0",
      "ToRevSpec": ""
    }
  },
  {
    "Raw": {
      "Name": "System.Reflection.Emit.ILGeneration",
      "Version": "4.0.0"
    },
    "ResolvedTarget": {
      "ToRepoCloneURL": "",
      "ToUnit": "System.Reflection.Emit.ILGeneration",
      "ToUnitType": "NugetPackage",
      "ToVersionString": "4.0.0",
      "ToRevSpec": ""
    }
  },
  {
    "Raw": {
      "Name": "System.Reflection.Extensions",
      "Version": "4.0.1-beta-23516"
    },
    "ResolvedTarget": {
      "ToRepoCloneURL": "",
      "ToUnit": "System.Reflection.Extensions",
      "ToUnitType": "NugetPackage",
      "ToVersionString": "4.0.1-beta-23516",
      "ToRevSpec": ""
    }
  },
  {
    "Raw": {
      "Name": "System.Reflection.Primitives",
      "Version": "4.0.0"
    },
    "ResolvedTarget": {
      "ToRepoCloneURL": "",
      "ToUnit": "System.Reflection.Primitives",
      "ToUnitType": "NugetPackage",
      "ToVersionString": "4.0.0",
      "ToRevSpec": ""
    }
  },
  {
    "Raw": {
      "Name": "System.Reflection.TypeExtensions",
      "Version": "4.0.1-beta-23409"
    },
    "ResolvedTarget": {
      "ToRepoCloneURL": "",
      "ToUnit": "System.Reflection.TypeExtensions",
      "ToUnitType": "NugetPackage",
      "ToVersionString": "4.0.1-beta-23409",
      "ToRevSpec": ""
    }
  },
  {
    "Raw": {
      "Name": "System.Resources.ResourceManager",
      "Version": "4.0.1-beta-23516"
    },
    "ResolvedTarget": {
      "ToRepoCloneURL": "",
      "ToUnit": "System.Resources.ResourceManager",
      "ToUnitType": "NugetPackage",
      "ToVersionString": "4.0.1-beta-23516",
      "ToRevSpec": ""
    }
  },
  {
    "Raw": {
      "Name": "System.Runtime",
      "Version": "4.0.0"
    },
    "ResolvedTarget": {
      "ToRepoCloneURL": "",
      "ToUnit": "System.Runtime",
      "ToUnitType": "NugetPackage",
      "ToVersionString": "4.0.0",
      "ToRevSpec": ""
    }
  },
  {
    "Raw": {
      "Name": "System.Runtime",
      "Version": "4.0.21-beta-23516"
    },
    "ResolvedTarget": {
      "ToRepoCloneURL": "",
      "ToUnit": "System.Runtime",
      "ToUnitType": "NugetPackage",
      "ToVersionString": "4.0.21-beta-23516",
      "ToRevSpec": ""
    }
  },
  {
    "Raw": {
      "Name": "System.Runtime.Extensions",
      "Version": "4.0.11-beta-23516"
    },
    "ResolvedTarget": {
      "ToRepoCloneURL": "",
      "ToUnit": "System.Runtime.Extensions",
      "ToUnitType": "NugetPackage",
      "ToVersionString": "4.0.11-beta-23516",
      "ToRevSpec": ""
    }
  },
  {
    "Raw": {
      "Name": "System.Runtime.Handles",
      "Version": "4.0.0"
    },
    "ResolvedTarget": {
      "ToRepoCloneURL": "",
      "ToUnit": "System.Runtime.Handles",
      "ToUnitType": "NugetPackage",
      "ToVersionString": "4.0.0",
      "ToRevSpec": ""
    }
  },
  {
    "Raw": {
      "Name": "System.Runtime.InteropServices",
      "Version": "4.0.21-beta-23516"
    },
    "ResolvedTarget": {
      "ToRepoCloneURL": "",
      "ToUnit": "System.Runtime.InteropServices",
      "ToUnitType": "NugetPackage",
      "ToVersionString": "4.0.21-beta-23516",
      "ToRevSpec": ""
    }
  },
  {
    "Raw": {
      "Name": "System.Security.Claims",
      "Version": "4.0.1-beta-23516"
    },
    "ResolvedTarget": {
      "ToRepoCloneURL": "",
      "ToUnit": "System.Security.Claims",
      "ToUnitType": "NugetPackage",
      "ToVersionString": "4.0.1-beta-23516",
      "ToRevSpec": ""
    }
  },
  {
    "Raw": {
      "Name": "System.Security.Cryptography.Algorithms",
      "Version": "4.0.0-beta-23516"
    },
    "ResolvedTarget": {
      "ToRepoCloneURL": "",
      "ToUnit": "System.Security.Cryptography.Algorithms",
      "ToUnitType": "NugetPackage",
      "ToVersionString": "4.0.0-beta-23516",
      "ToRevSpec": ""
    }
  },
  {
    "Raw": {
      "Name": "System.Security.Cryptography.Encoding",
      "Version": "4.0.0-beta-23516"
    },
    "ResolvedTarget": {
      "ToRepoCloneURL": "",
      "ToUnit": "System.Security.Cryptography.Encoding",
      "ToUnitType": "NugetPackage",
      "ToVersionString": "4.0.0-beta-23516",
      "ToRevSpec": ""
    }
  },
  {
    "Raw": {
      "Name": "System.Security.Cryptography.Primitives",
      "Version": "4.0.0-beta-23516"
    },
    "ResolvedTarget": {
      "ToRepoCloneURL": "",
      "ToUnit": "System.Security.Cryptography.Primitives",
      "ToUnitType": "NugetPackage",
      "ToVersionString": "4.0.0-beta-23516",
      "ToRevSpec": ""
    }
  },
  {
    "Raw": {
      "Name": "System.Security.Cryptography.X509Certificates",
      "Version": "4.0.0-beta-23516"
    },
    "ResolvedTarget": {
      "ToRepoCloneURL": "",
      "ToUnit": "System.Security.Cryptography.X509Certificates",
      "ToUnitType": "NugetPackage",
      "ToVersionString": "4.0.0-beta-23516",
      "ToRevSpec": ""
    }
  },
  {
    "Raw": {
      "Name": "System.Security.Principal",
      "Version": "4.0.1-beta-23516"
    },
    "ResolvedTarget": {
      "ToRepoCloneURL": "",
      "ToUnit": "System.Security.Principal",
      "ToUnitType": "NugetPackage",
      "ToVersionString": "4.0.1-beta-23516",
      "ToRevSpec": ""
    }
  },
  {
    "Raw": {
      "Name": "System.Security.Principal.Windows",
      "Version": "4.0.0-beta-23516"
    },
    "ResolvedTarget": {
      "ToRepoCloneURL": "",
      "ToUnit": "System.Security.Principal.Windows",
      "ToUnitType": "NugetPackage",
      "ToVersionString": "4.0.0-beta-23516",
      "ToRevSpec": ""
    }
  },
  {
    "Raw": {
      "Name": "System.Security.SecureString",
      "Version": "4.0.0-beta-23225"
    },
    "ResolvedTarget": {
      "ToRepoCloneURL": "",
      "ToUnit": "System.Security.SecureString",
      "ToUnitType": "NugetPackage",
      "ToVersionString": "4.0.0-beta-23225",
      "ToRevSpec": ""
    }
  },
  {
    "Raw": {
      "Name": "System.Text.Encoding",
      "Version": "4.0.11-beta-23516"
    },
    "ResolvedTarget": {
      "ToRepoCloneURL": "",
      "ToUnit": "System.Text.Encoding",
      "ToUnitType": "NugetPackage",
      "ToVersionString": "4.0.11-beta-23516",
      "ToRevSpec": ""
    }
  },
  {
    "Raw": {
      "Name": "System.Text.Encoding.Extensions",
      "Version": "4.0.11-beta-23516"
    },
    "ResolvedTarget": {
      "ToRepoCloneURL": "",
      "ToUnit": "System.Text.Encoding.Extensions",
      "ToUnitType": "NugetPackage",
      "ToVersionString": "4.0.11-beta-23516",
      "ToRevSpec": ""
    }
  },
  {
    "Raw": {
      "Name": "System.Text.RegularExpressions",
      "Version": "4.0.11-beta-23516"
    },
    "ResolvedTarget": {
      "ToRepoCloneURL": "",
      "ToUnit": "System.Text.RegularExpressions",
      "ToUnitType": "NugetPackage",
      "ToVersionString": "4.0.11-beta-23516",
      "ToRevSpec": ""
    }
  },
  {
    "Raw": {
      "Name": "System.Threading",
      "Version": "4.0.0"
    },
    "ResolvedTarget": {
      "ToRepoCloneURL": "",
      "ToUnit": "System.Threading",
      "ToUnitType": "NugetPackage",
      "ToVersionString": "4.0.0",
      "ToRevSpec": ""
    }
  },
  {
    "Raw": {
      "Name": "System.Threading",
      "Version": "4.0.11-beta-23516"
    },
    "ResolvedTarget": {
      "ToRepoCloneURL": "",
      "ToUnit": "System.Threading",
      "ToUnitType": "NugetPackage",
      "ToVersionString": "4.0.11-beta-23516",
      "ToRevSpec": ""
    }
  },
  {
    "Raw": {
      "Name": "System.Threading.Overlapped",
      "Version": "4.0.0"
    },
    "ResolvedTarget": {
      "ToRepoCloneURL": "",
      "ToUnit": "System.Threading.Overlapped",
      "ToUnitType": "NugetPackage",
      "ToVersionString": "4.0.0",
      "ToRevSpec": ""
    }
  },
  {
    "Raw": {
      "Name": "System.Threading.Tasks",
      "Version": "4.0.11-beta-23516"
    },
    "ResolvedTarget": {
      "ToRepoCloneURL": "",
      "ToUnit": "System.Threading.Tasks",
      "ToUnitType": "NugetPackage",
      "ToVersionString": "4.0.11-beta-23516",
      "ToRevSpec": ""
    }
  },
  {
    "Raw": {
      "Name": "System.Threading.Thread",
      "Version": "4.0.0-beta-23225"
    },
    "ResolvedTarget": {
      "ToRepoCloneURL": "",
      "ToUnit": "System.Threading.Thread",
      "ToUnitType": "NugetPackage",
      "ToVersionString": "4.0.0-beta-23225",
      "ToRevSpec": ""
    }
  },
  {
    "Raw": {
      "Name": "System.Threading.ThreadPool",
      "Version": "4.0.10-beta-23516"
    },
    "ResolvedTarget": {
      "ToRepoCloneURL": "",
      "ToUnit": "System.Threading.ThreadPool",
      "ToUnitType": "NugetPackage",
      "ToVersionString": "4.0.10-beta-23516",
      "ToRevSpec": ""
    }
  },
  {
    "Raw": {
      "Name": "System.Threading.Timer",
      "Version": "4.0.1-beta-23516"
    },
    "ResolvedTarget": {
      "ToRepoCloneURL": "",
      "ToUnit": "System.Threading.Timer",
      "ToUnitType": "NugetPackage",
      "ToVersionString": "4.0.1-beta-23516",
      "ToRevSpec": ""
    }
  }
]
