[
  {
    "Raw": {
      "Name": "Microsoft.CSharp",
      "Version": "4.0.1-beta-23516"
    },
    "ResolvedTarget": {
      "ToRepoCloneURL": "",
      "ToUnit": "Microsoft.CSharp",
      "ToUnitType": "NugetPackage",
      "ToVersionString": "4.0.1-beta-23516",
      "ToRevSpec": ""
    }
  },
  {
    "Raw": {
      "Name": "Newtonsoft.Json",
      "Version": "8.0.2"
    },
    "ResolvedTarget": {
      "ToRepoCloneURL": "",
      "ToUnit": "Newtonsoft.Json",
      "ToUnitType": "NugetPackage",
      "ToVersionString": "8.0.2",
      "ToRevSpec": ""
    }
  },
  {
    "Raw": {
      "Name": "System.Collections",
      "Version": "4.0.10"
    },
    "ResolvedTarget": {
      "ToRepoCloneURL": "",
      "ToUnit": "System.Collections",
      "ToUnitType": "NugetPackage",
      "ToVersionString": "4.0.10",
      "ToRevSpec": ""
    }
  },
  {
    "Raw": {
      "Name": "System.Diagnostics.Debug",
      "Version": "4.0.10"
    },
    "ResolvedTarget": {
      "ToRepoCloneURL": "",
      "ToUnit": "System.Diagnostics.Debug",
      "ToUnitType": "NugetPackage",
      "ToVersionString": "4.0.10",
      "ToRevSpec": ""
    }
  },
  {
    "Raw": {
      "Name": "System.Dynamic.Runtime",
      "Version": "4.0.0"
    },
    "ResolvedTarget": {
      "ToRepoCloneURL": "",
      "ToUnit": "System.Dynamic.Runtime",
      "ToUnitType": "NugetPackage",
      "ToVersionString": "4.0.0",
      "ToRevSpec": ""
    }
  },
  {
    "Raw": {
      "Name": "System.Globalization",
      "Version": "4.0.10"
    },
    "ResolvedTarget": {
      "ToRepoCloneURL": "",
      "ToUnit": "System.Globalization",
      "ToUnitType": "NugetPackage",
      "ToVersionString": "4.0.10",
      "ToRevSpec": ""
    }
  },
  {
    "Raw": {
      "Name": "System.IO",
      "Version": "4.0.0"
    },
    "ResolvedTarget": {
      "ToRepoCloneURL": "",
      "ToUnit": "System.IO",
      "ToUnitType": "NugetPackage",
      "ToVersionString": "4.0.0",
      "ToRevSpec": ""
    }
  },
  {
    "Raw": {
      "Name": "System.Linq",
      "Version": "4.0.0"
    },
    "ResolvedTarget": {
      "ToRepoCloneURL": "",
      "ToUnit": "System.Linq",
      "ToUnitType": "NugetPackage",
      "ToVersionString": "4.0.0",
      "ToRevSpec": ""
    }
  },
  {
    "Raw": {
      "Name": "System.Linq.Expressions",
      "Version": "4.0.0"
    },
    "ResolvedTarget": {
      "ToRepoCloneURL": "",
      "ToUnit": "System.Linq.Expressions",
      "ToUnitType": "NugetPackage",
      "ToVersionString": "4.0.0",
      "ToRevSpec": ""
    }
  },
  {
    "Raw": {
      "Name": "System.ObjectModel",
      "Version": "4.0.10"
    },
    "ResolvedTarget": {
      "ToRepoCloneURL": "",
      "ToUnit": "System.ObjectModel",
      "ToUnitType": "NugetPackage",
      "ToVersionString": "4.0.10",
      "ToRevSpec": ""
    }
  },
  {
    "Raw": {
      "Name": "System.Reflection",
      "Version": "4.0.10"
    },
    "ResolvedTarget": {
      "ToRepoCloneURL": "",
      "ToUnit": "System.Reflection",
      "ToUnitType": "NugetPackage",
      "ToVersionString": "4.0.10",
      "ToRevSpec": ""
    }
  },
  {
    "Raw": {
      "Name": "System.Reflection.Extensions",
      "Version": "4.0.0"
    },
    "ResolvedTarget": {
      "ToRepoCloneURL": "",
      "ToUnit": "System.Reflection.Extensions",
      "ToUnitType": "NugetPackage",
      "ToVersionString": "4.0.0",
      "ToRevSpec": ""
    }
  },
  {
    "Raw": {
      "Name": "System.Reflection.Primitives",
      "Version": "4.0.0"
    },
    "ResolvedTarget": {
      "ToRepoCloneURL": "",
      "ToUnit": "System.Reflection.Primitives",
      "ToUnitType": "NugetPackage",
      "ToVersionString": "4.0.0",
      "ToRevSpec": ""
    }
  },
  {
    "Raw": {
      "Name": "System.Reflection.TypeExtensions",
      "Version": "4.0.0"
    },
    "ResolvedTarget": {
      "ToRepoCloneURL": "",
      "ToUnit": "System.Reflection.TypeExtensions",
      "ToUnitType": "NugetPackage",
      "ToVersionString": "4.0.0",
      "ToRevSpec": ""
    }
  },
  {
    "Raw": {
      "Name": "System.Resources.ResourceManager",
      "Version": "4.0.0"
    },
    "ResolvedTarget": {
      "ToRepoCloneURL": "",
      "ToUnit": "System.Resources.ResourceManager",
      "ToUnitType": "NugetPackage",
      "ToVersionString": "4.0.0",
      "ToRevSpec": ""
    }
  },
  {
    "Raw": {
      "Name": "System.Runtime",
      "Version": "4.0.20"
    },
    "ResolvedTarget": {
      "ToRepoCloneURL": "",
      "ToUnit": "System.Runtime",
      "ToUnitType": "NugetPackage",
      "ToVersionString": "4.0.20",
      "ToRevSpec": ""
    }
  },
  {
    "Raw": {
      "Name": "System.Runtime.Extensions",
      "Version": "4.0.10"
    },
    "ResolvedTarget": {
      "ToRepoCloneURL": "",
      "ToUnit": "System.Runtime.Extensions",
      "ToUnitType": "NugetPackage",
      "ToVersionString": "4.0.10",
      "ToRevSpec": ""
    }
  },
  {
    "Raw": {
      "Name": "System.Runtime.Handles",
      "Version": "4.0.0"
    },
    "ResolvedTarget": {
      "ToRepoCloneURL": "",
      "ToUnit": "System.Runtime.Handles",
      "ToUnitType": "NugetPackage",
      "ToVersionString": "4.0.0",
      "ToRevSpec": ""
    }
  },
  {
    "Raw": {
      "Name": "System.Runtime.InteropServices",
      "Version": "4.0.20"
    },
    "ResolvedTarget": {
      "ToRepoCloneURL": "",
      "ToUnit": "System.Runtime.InteropServices",
      "ToUnitType": "NugetPackage",
      "ToVersionString": "4.0.20",
      "ToRevSpec": ""
    }
  },
  {
    "Raw": {
      "Name": "System.Text.Encoding",
      "Version": "4.0.0"
    },
    "ResolvedTarget": {
      "ToRepoCloneURL": "",
      "ToUnit": "System.Text.Encoding",
      "ToUnitType": "NugetPackage",
      "ToVersionString": "4.0.0",
      "ToRevSpec": ""
    }
  },
  {
    "Raw": {
      "Name": "System.Threading",
      "Version": "4.0.10"
    },
    "ResolvedTarget": {
      "ToRepoCloneURL": "",
      "ToUnit": "System.Threading",
      "ToUnitType": "NugetPackage",
      "ToVersionString": "4.0.10",
      "ToRevSpec": ""
    }
  },
  {
    "Raw": {
      "Name": "System.Threading.Tasks",
      "Version": "4.0.0"
    },
    "ResolvedTarget": {
      "ToRepoCloneURL": "",
      "ToUnit": "System.Threading.Tasks",
      "ToUnitType": "NugetPackage",
      "ToVersionString": "4.0.0",
      "ToRevSpec": ""
    }
  }
]
