{"Name":"Microsoft.AspNet.Proxy","Type":"NugetPackage","Files":["src/Microsoft.AspNet.Proxy/ProxyOptions.cs","src/Microsoft.AspNet.Proxy/ProxyMiddleware.cs","src/Microsoft.AspNet.Proxy/ProxyExtension.cs","src/Microsoft.AspNet.Proxy/Properties/AssemblyInfo.cs"],"Dir":"src/Microsoft.AspNet.Proxy","Dependencies":[{"Identity":null,"Name":"Microsoft.AspNet.Http.Abstractions","Range":"Microsoft.AspNet.Http.Abstractions \u003e= 1.0.0-rc1-final"}],"Ops":{"depresolve":null}}
