{"Name":"Microsoft.AspNet.Proxy.Test","Type":"NugetPackage","Files":["test/Microsoft.AspNet.Proxy.Test/PassthroughProxyTest.cs"],"Dir":"test/Microsoft.AspNet.Proxy.Test","Dependencies":[{"Identity":null,"Name":"Microsoft.AspNet.Proxy","Range":"Microsoft.AspNet.Proxy \u003e= 1.0.0-rc1-final"},{"Identity":null,"Name":"Microsoft.AspNet.TestHost","Range":"Microsoft.AspNet.TestHost \u003e= 1.0.0-rc1-final"},{"Identity":null,"Name":"xunit.runner.aspnet","Range":"xunit.runner.aspnet \u003e= 2.0.0-aspnet-rc1-final"}],"Ops":{"depresolve":null}}
